// Jest Snapshot v1, https://goo.gl/fbAQLP

exports[`renders without data 1`] = `
ShallowWrapper {
  "length": 1,
  Symbol(enzyme.__root__): [Circular],
  Symbol(enzyme.__unrendered__): <LocationsMap
    actions={
        Object {
            "addLocationFilter": [Function],
            "clearLocationFilters": [Function],
            "clearLocationSelection": [Function],
            "removeLocationFilter": [Function],
            "selectLocation": [Function],
          }
    }
    locationFilters={Array []}
    locationGeoJSON={Object {}}
    locations={Array []}
    states={Array []}
/>,
  Symbol(enzyme.__renderer__): Object {
    "batchedUpdates": [Function],
    "getNode": [Function],
    "render": [Function],
    "simulateEvent": [Function],
    "unmount": [Function],
  },
  Symbol(enzyme.__node__): Object {
    "instance": null,
    "key": undefined,
    "nodeType": "host",
    "props": Object {
      "children": Array [
        <MapboxMap
          className="z-0"
          cluster={true}
          clusterMaxZoom={14}
          clusterRadius={50}
          collections={
                    Array [
                              Object {
                                "filter": Object {
                                  "ids": Array [],
                                },
                                "icon": "selected-location-icon",
                                "name": "Selected",
                              },
                              Object {
                                "filter": Object {
                                  "ids": Array [],
                                },
                                "icon": "seasonal-icon",
                                "name": "SeasonalLocations",
                              },
                              Object {
                                "filter": Object {
                                  "ids": undefined,
                                },
                                "name": "HiddenByFilter",
                                "visible": false,
                              },
                            ]
          }
          defaultIcon="year-round-icon"
          featureCollection={Object {}}
          featureIdZoomTo={undefined}
          hoverFade={false}
          iconSize={1.4}
          initialCenter={
                    Array [
                              -73.949997,
                              40.650002,
                            ]
          }
          initialZoom={6}
          mapPadding={150}
          maxZoom={14}
          onClickFeature={[Function]}
          onLoad={[Function]}
          showFilteredOutLocationOnMap={false}
          styleUrl="mapbox://styles/amplemaps/cju1mzre610to1fqusknqhq34"
          textColor="#ffffff"
          textSize={16}
          zoomToFeatureSpeed={2}
/>,
        <div
          className="absolute t0 l0 flex p3"
>
          <Button
                    childrenWrapperClassName=""
                    className="mr2 flex flex-wrap items-center drop-shadow"
                    color="madison-blue"
                    disabled={false}
                    fullWidth={false}
                    hover="shadow"
                    label="All"
                    onClick={[Function]}
                    onMouseEnter={[Function]}
                    onMouseLeave={[Function]}
                    openInCurrentTab={false}
                    shadow={false}
                    to=""
                    type="button"
                    variant="primary-small"
          />
</div>,
        <div
          className="absolute b0 l0 flex p3"
>
          <Button
                    childrenWrapperClassName=""
                    className="mr3 flex items-center justify-center pl1 pr2 text-dark-gray"
                    color="white-denim"
                    disabled={false}
                    fullWidth={false}
                    hover="shadow"
                    label=""
                    onClick={[Function]}
                    onMouseEnter={[Function]}
                    onMouseLeave={[Function]}
                    openInCurrentTab={false}
                    shadow={false}
                    to=""
                    type="button"
                    variant="primary-small"
          >
                    <div
                              className="circle bg-peach mr1 flex items-center justify-center"
                    >
                              <p
                                        className="text-white"
                              />
                    </div>
                    <span>
                              Open Year Round
                    </span>
          </Button>
          <Button
                    childrenWrapperClassName=""
                    className="mr3 flex items-center justify-center pl1 pr2 text-dark-gray"
                    color="white-denim"
                    disabled={false}
                    fullWidth={false}
                    hover="shadow"
                    label=""
                    onClick={[Function]}
                    onMouseEnter={[Function]}
                    onMouseLeave={[Function]}
                    openInCurrentTab={false}
                    shadow={false}
                    to=""
                    type="button"
                    variant="primary-small"
          >
                    <div
                              className="circle bg-peach mr1 flex items-center justify-center bg-bright-turquoise"
                    >
                              <p
                                        className="text-white"
                              />
                    </div>
                    <span>
                              Open Seasonally
                    </span>
          </Button>
</div>,
      ],
      "className": "relative",
    },
    "ref": null,
    "rendered": Array [
      Object {
        "instance": null,
        "key": undefined,
        "nodeType": "class",
        "props": Object {
          "className": "z-0",
          "cluster": true,
          "clusterMaxZoom": 14,
          "clusterRadius": 50,
          "collections": Array [
            Object {
              "filter": Object {
                "ids": Array [],
              },
              "icon": "selected-location-icon",
              "name": "Selected",
            },
            Object {
              "filter": Object {
                "ids": Array [],
              },
              "icon": "seasonal-icon",
              "name": "SeasonalLocations",
            },
            Object {
              "filter": Object {
                "ids": undefined,
              },
              "name": "HiddenByFilter",
              "visible": false,
            },
          ],
          "defaultIcon": "year-round-icon",
          "featureCollection": Object {},
          "featureIdZoomTo": undefined,
          "hoverFade": false,
          "iconSize": 1.4,
          "initialCenter": Array [
            -73.949997,
            40.650002,
          ],
          "initialZoom": 6,
          "mapPadding": 150,
          "maxZoom": 14,
          "onClickFeature": [Function],
          "onLoad": [Function],
          "showFilteredOutLocationOnMap": false,
          "styleUrl": "mapbox://styles/amplemaps/cju1mzre610to1fqusknqhq34",
          "textColor": "#ffffff",
          "textSize": 16,
          "zoomToFeatureSpeed": 2,
        },
        "ref": null,
        "rendered": null,
        "type": [Function],
      },
      Object {
        "instance": null,
        "key": undefined,
        "nodeType": "host",
        "props": Object {
          "children": Array [
            <Button
              childrenWrapperClassName=""
              className="mr2 flex flex-wrap items-center drop-shadow"
              color="madison-blue"
              disabled={false}
              fullWidth={false}
              hover="shadow"
              label="All"
              onClick={[Function]}
              onMouseEnter={[Function]}
              onMouseLeave={[Function]}
              openInCurrentTab={false}
              shadow={false}
              to=""
              type="button"
              variant="primary-small"
/>,
            Array [],
          ],
          "className": "absolute t0 l0 flex p3",
        },
        "ref": null,
        "rendered": Array [
          Object {
            "instance": null,
            "key": undefined,
            "nodeType": "function",
            "props": Object {
              "children": null,
              "childrenWrapperClassName": "",
              "className": "mr2 flex flex-wrap items-center drop-shadow",
              "color": "madison-blue",
              "disabled": false,
              "fullWidth": false,
              "hover": "shadow",
              "label": "All",
              "onClick": [Function],
              "onMouseEnter": [Function],
              "onMouseLeave": [Function],
              "openInCurrentTab": false,
              "shadow": false,
              "to": "",
              "type": "button",
              "variant": "primary-small",
            },
            "ref": null,
            "rendered": null,
            "type": [Function],
          },
        ],
        "type": "div",
      },
      Object {
        "instance": null,
        "key": undefined,
        "nodeType": "host",
        "props": Object {
          "children": Array [
            <Button
              childrenWrapperClassName=""
              className="mr3 flex items-center justify-center pl1 pr2 text-dark-gray"
              color="white-denim"
              disabled={false}
              fullWidth={false}
              hover="shadow"
              label=""
              onClick={[Function]}
              onMouseEnter={[Function]}
              onMouseLeave={[Function]}
              openInCurrentTab={false}
              shadow={false}
              to=""
              type="button"
              variant="primary-small"
>
              <div
                            className="circle bg-peach mr1 flex items-center justify-center"
              >
                            <p
                                          className="text-white"
                            />
              </div>
              <span>
                            Open Year Round
              </span>
</Button>,
            <Button
              childrenWrapperClassName=""
              className="mr3 flex items-center justify-center pl1 pr2 text-dark-gray"
              color="white-denim"
              disabled={false}
              fullWidth={false}
              hover="shadow"
              label=""
              onClick={[Function]}
              onMouseEnter={[Function]}
              onMouseLeave={[Function]}
              openInCurrentTab={false}
              shadow={false}
              to=""
              type="button"
              variant="primary-small"
>
              <div
                            className="circle bg-peach mr1 flex items-center justify-center bg-bright-turquoise"
              >
                            <p
                                          className="text-white"
                            />
              </div>
              <span>
                            Open Seasonally
              </span>
</Button>,
          ],
          "className": "absolute b0 l0 flex p3",
        },
        "ref": null,
        "rendered": Array [
          Object {
            "instance": null,
            "key": "false",
            "nodeType": "function",
            "props": Object {
              "children": Array [
                <div
                  className="circle bg-peach mr1 flex items-center justify-center"
>
                  <p
                                    className="text-white"
                  />
</div>,
                <span>
                  Open Year Round
</span>,
              ],
              "childrenWrapperClassName": "",
              "className": "mr3 flex items-center justify-center pl1 pr2 text-dark-gray",
              "color": "white-denim",
              "disabled": false,
              "fullWidth": false,
              "hover": "shadow",
              "label": "",
              "onClick": [Function],
              "onMouseEnter": [Function],
              "onMouseLeave": [Function],
              "openInCurrentTab": false,
              "shadow": false,
              "to": "",
              "type": "button",
              "variant": "primary-small",
            },
            "ref": null,
            "rendered": Array [
              Object {
                "instance": null,
                "key": undefined,
                "nodeType": "host",
                "props": Object {
                  "children": <p
                    className="text-white"
/>,
                  "className": "circle bg-peach mr1 flex items-center justify-center",
                },
                "ref": null,
                "rendered": Object {
                  "instance": null,
                  "key": undefined,
                  "nodeType": "host",
                  "props": Object {
                    "children": 0,
                    "className": "text-white",
                  },
                  "ref": null,
                  "rendered": 0,
                  "type": "p",
                },
                "type": "div",
              },
              Object {
                "instance": null,
                "key": undefined,
                "nodeType": "host",
                "props": Object {
                  "children": "Open Year Round",
                },
                "ref": null,
                "rendered": "Open Year Round",
                "type": "span",
              },
            ],
            "type": [Function],
          },
          Object {
            "instance": null,
            "key": "true",
            "nodeType": "function",
            "props": Object {
              "children": Array [
                <div
                  className="circle bg-peach mr1 flex items-center justify-center bg-bright-turquoise"
>
                  <p
                                    className="text-white"
                  />
</div>,
                <span>
                  Open Seasonally
</span>,
              ],
              "childrenWrapperClassName": "",
              "className": "mr3 flex items-center justify-center pl1 pr2 text-dark-gray",
              "color": "white-denim",
              "disabled": false,
              "fullWidth": false,
              "hover": "shadow",
              "label": "",
              "onClick": [Function],
              "onMouseEnter": [Function],
              "onMouseLeave": [Function],
              "openInCurrentTab": false,
              "shadow": false,
              "to": "",
              "type": "button",
              "variant": "primary-small",
            },
            "ref": null,
            "rendered": Array [
              Object {
                "instance": null,
                "key": undefined,
                "nodeType": "host",
                "props": Object {
                  "children": <p
                    className="text-white"
/>,
                  "className": "circle bg-peach mr1 flex items-center justify-center bg-bright-turquoise",
                },
                "ref": null,
                "rendered": Object {
                  "instance": null,
                  "key": undefined,
                  "nodeType": "host",
                  "props": Object {
                    "children": 0,
                    "className": "text-white",
                  },
                  "ref": null,
                  "rendered": 0,
                  "type": "p",
                },
                "type": "div",
              },
              Object {
                "instance": null,
                "key": undefined,
                "nodeType": "host",
                "props": Object {
                  "children": "Open Seasonally",
                },
                "ref": null,
                "rendered": "Open Seasonally",
                "type": "span",
              },
            ],
            "type": [Function],
          },
        ],
        "type": "div",
      },
    ],
    "type": "div",
  },
  Symbol(enzyme.__nodes__): Array [
    Object {
      "instance": null,
      "key": undefined,
      "nodeType": "host",
      "props": Object {
        "children": Array [
          <MapboxMap
            className="z-0"
            cluster={true}
            clusterMaxZoom={14}
            clusterRadius={50}
            collections={
                        Array [
                                    Object {
                                      "filter": Object {
                                        "ids": Array [],
                                      },
                                      "icon": "selected-location-icon",
                                      "name": "Selected",
                                    },
                                    Object {
                                      "filter": Object {
                                        "ids": Array [],
                                      },
                                      "icon": "seasonal-icon",
                                      "name": "SeasonalLocations",
                                    },
                                    Object {
                                      "filter": Object {
                                        "ids": undefined,
                                      },
                                      "name": "HiddenByFilter",
                                      "visible": false,
                                    },
                                  ]
            }
            defaultIcon="year-round-icon"
            featureCollection={Object {}}
            featureIdZoomTo={undefined}
            hoverFade={false}
            iconSize={1.4}
            initialCenter={
                        Array [
                                    -73.949997,
                                    40.650002,
                                  ]
            }
            initialZoom={6}
            mapPadding={150}
            maxZoom={14}
            onClickFeature={[Function]}
            onLoad={[Function]}
            showFilteredOutLocationOnMap={false}
            styleUrl="mapbox://styles/amplemaps/cju1mzre610to1fqusknqhq34"
            textColor="#ffffff"
            textSize={16}
            zoomToFeatureSpeed={2}
/>,
          <div
            className="absolute t0 l0 flex p3"
>
            <Button
                        childrenWrapperClassName=""
                        className="mr2 flex flex-wrap items-center drop-shadow"
                        color="madison-blue"
                        disabled={false}
                        fullWidth={false}
                        hover="shadow"
                        label="All"
                        onClick={[Function]}
                        onMouseEnter={[Function]}
                        onMouseLeave={[Function]}
                        openInCurrentTab={false}
                        shadow={false}
                        to=""
                        type="button"
                        variant="primary-small"
            />
</div>,
          <div
            className="absolute b0 l0 flex p3"
>
            <Button
                        childrenWrapperClassName=""
                        className="mr3 flex items-center justify-center pl1 pr2 text-dark-gray"
                        color="white-denim"
                        disabled={false}
                        fullWidth={false}
                        hover="shadow"
                        label=""
                        onClick={[Function]}
                        onMouseEnter={[Function]}
                        onMouseLeave={[Function]}
                        openInCurrentTab={false}
                        shadow={false}
                        to=""
                        type="button"
                        variant="primary-small"
            >
                        <div
                                    className="circle bg-peach mr1 flex items-center justify-center"
                        >
                                    <p
                                                className="text-white"
                                    />
                        </div>
                        <span>
                                    Open Year Round
                        </span>
            </Button>
            <Button
                        childrenWrapperClassName=""
                        className="mr3 flex items-center justify-center pl1 pr2 text-dark-gray"
                        color="white-denim"
                        disabled={false}
                        fullWidth={false}
                        hover="shadow"
                        label=""
                        onClick={[Function]}
                        onMouseEnter={[Function]}
                        onMouseLeave={[Function]}
                        openInCurrentTab={false}
                        shadow={false}
                        to=""
                        type="button"
                        variant="primary-small"
            >
                        <div
                                    className="circle bg-peach mr1 flex items-center justify-center bg-bright-turquoise"
                        >
                                    <p
                                                className="text-white"
                                    />
                        </div>
                        <span>
                                    Open Seasonally
                        </span>
            </Button>
</div>,
        ],
        "className": "relative",
      },
      "ref": null,
      "rendered": Array [
        Object {
          "instance": null,
          "key": undefined,
          "nodeType": "class",
          "props": Object {
            "className": "z-0",
            "cluster": true,
            "clusterMaxZoom": 14,
            "clusterRadius": 50,
            "collections": Array [
              Object {
                "filter": Object {
                  "ids": Array [],
                },
                "icon": "selected-location-icon",
                "name": "Selected",
              },
              Object {
                "filter": Object {
                  "ids": Array [],
                },
                "icon": "seasonal-icon",
                "name": "SeasonalLocations",
              },
              Object {
                "filter": Object {
                  "ids": undefined,
                },
                "name": "HiddenByFilter",
                "visible": false,
              },
            ],
            "defaultIcon": "year-round-icon",
            "featureCollection": Object {},
            "featureIdZoomTo": undefined,
            "hoverFade": false,
            "iconSize": 1.4,
            "initialCenter": Array [
              -73.949997,
              40.650002,
            ],
            "initialZoom": 6,
            "mapPadding": 150,
            "maxZoom": 14,
            "onClickFeature": [Function],
            "onLoad": [Function],
            "showFilteredOutLocationOnMap": false,
            "styleUrl": "mapbox://styles/amplemaps/cju1mzre610to1fqusknqhq34",
            "textColor": "#ffffff",
            "textSize": 16,
            "zoomToFeatureSpeed": 2,
          },
          "ref": null,
          "rendered": null,
          "type": [Function],
        },
        Object {
          "instance": null,
          "key": undefined,
          "nodeType": "host",
          "props": Object {
            "children": Array [
              <Button
                childrenWrapperClassName=""
                className="mr2 flex flex-wrap items-center drop-shadow"
                color="madison-blue"
                disabled={false}
                fullWidth={false}
                hover="shadow"
                label="All"
                onClick={[Function]}
                onMouseEnter={[Function]}
                onMouseLeave={[Function]}
                openInCurrentTab={false}
                shadow={false}
                to=""
                type="button"
                variant="primary-small"
/>,
              Array [],
            ],
            "className": "absolute t0 l0 flex p3",
          },
          "ref": null,
          "rendered": Array [
            Object {
              "instance": null,
              "key": undefined,
              "nodeType": "function",
              "props": Object {
                "children": null,
                "childrenWrapperClassName": "",
                "className": "mr2 flex flex-wrap items-center drop-shadow",
                "color": "madison-blue",
                "disabled": false,
                "fullWidth": false,
                "hover": "shadow",
                "label": "All",
                "onClick": [Function],
                "onMouseEnter": [Function],
                "onMouseLeave": [Function],
                "openInCurrentTab": false,
                "shadow": false,
                "to": "",
                "type": "button",
                "variant": "primary-small",
              },
              "ref": null,
              "rendered": null,
              "type": [Function],
            },
          ],
          "type": "div",
        },
        Object {
          "instance": null,
          "key": undefined,
          "nodeType": "host",
          "props": Object {
            "children": Array [
              <Button
                childrenWrapperClassName=""
                className="mr3 flex items-center justify-center pl1 pr2 text-dark-gray"
                color="white-denim"
                disabled={false}
                fullWidth={false}
                hover="shadow"
                label=""
                onClick={[Function]}
                onMouseEnter={[Function]}
                onMouseLeave={[Function]}
                openInCurrentTab={false}
                shadow={false}
                to=""
                type="button"
                variant="primary-small"
>
                <div
                                className="circle bg-peach mr1 flex items-center justify-center"
                >
                                <p
                                                className="text-white"
                                />
                </div>
                <span>
                                Open Year Round
                </span>
</Button>,
              <Button
                childrenWrapperClassName=""
                className="mr3 flex items-center justify-center pl1 pr2 text-dark-gray"
                color="white-denim"
                disabled={false}
                fullWidth={false}
                hover="shadow"
                label=""
                onClick={[Function]}
                onMouseEnter={[Function]}
                onMouseLeave={[Function]}
                openInCurrentTab={false}
                shadow={false}
                to=""
                type="button"
                variant="primary-small"
>
                <div
                                className="circle bg-peach mr1 flex items-center justify-center bg-bright-turquoise"
                >
                                <p
                                                className="text-white"
                                />
                </div>
                <span>
                                Open Seasonally
                </span>
</Button>,
            ],
            "className": "absolute b0 l0 flex p3",
          },
          "ref": null,
          "rendered": Array [
            Object {
              "instance": null,
              "key": "false",
              "nodeType": "function",
              "props": Object {
                "children": Array [
                  <div
                    className="circle bg-peach mr1 flex items-center justify-center"
>
                    <p
                                        className="text-white"
                    />
</div>,
                  <span>
                    Open Year Round
</span>,
                ],
                "childrenWrapperClassName": "",
                "className": "mr3 flex items-center justify-center pl1 pr2 text-dark-gray",
                "color": "white-denim",
                "disabled": false,
                "fullWidth": false,
                "hover": "shadow",
                "label": "",
                "onClick": [Function],
                "onMouseEnter": [Function],
                "onMouseLeave": [Function],
                "openInCurrentTab": false,
                "shadow": false,
                "to": "",
                "type": "button",
                "variant": "primary-small",
              },
              "ref": null,
              "rendered": Array [
                Object {
                  "instance": null,
                  "key": undefined,
                  "nodeType": "host",
                  "props": Object {
                    "children": <p
                      className="text-white"
/>,
                    "className": "circle bg-peach mr1 flex items-center justify-center",
                  },
                  "ref": null,
                  "rendered": Object {
                    "instance": null,
                    "key": undefined,
                    "nodeType": "host",
                    "props": Object {
                      "children": 0,
                      "className": "text-white",
                    },
                    "ref": null,
                    "rendered": 0,
                    "type": "p",
                  },
                  "type": "div",
                },
                Object {
                  "instance": null,
                  "key": undefined,
                  "nodeType": "host",
                  "props": Object {
                    "children": "Open Year Round",
                  },
                  "ref": null,
                  "rendered": "Open Year Round",
                  "type": "span",
                },
              ],
              "type": [Function],
            },
            Object {
              "instance": null,
              "key": "true",
              "nodeType": "function",
              "props": Object {
                "children": Array [
                  <div
                    className="circle bg-peach mr1 flex items-center justify-center bg-bright-turquoise"
>
                    <p
                                        className="text-white"
                    />
</div>,
                  <span>
                    Open Seasonally
</span>,
                ],
                "childrenWrapperClassName": "",
                "className": "mr3 flex items-center justify-center pl1 pr2 text-dark-gray",
                "color": "white-denim",
                "disabled": false,
                "fullWidth": false,
                "hover": "shadow",
                "label": "",
                "onClick": [Function],
                "onMouseEnter": [Function],
                "onMouseLeave": [Function],
                "openInCurrentTab": false,
                "shadow": false,
                "to": "",
                "type": "button",
                "variant": "primary-small",
              },
              "ref": null,
              "rendered": Array [
                Object {
                  "instance": null,
                  "key": undefined,
                  "nodeType": "host",
                  "props": Object {
                    "children": <p
                      className="text-white"
/>,
                    "className": "circle bg-peach mr1 flex items-center justify-center bg-bright-turquoise",
                  },
                  "ref": null,
                  "rendered": Object {
                    "instance": null,
                    "key": undefined,
                    "nodeType": "host",
                    "props": Object {
                      "children": 0,
                      "className": "text-white",
                    },
                    "ref": null,
                    "rendered": 0,
                    "type": "p",
                  },
                  "type": "div",
                },
                Object {
                  "instance": null,
                  "key": undefined,
                  "nodeType": "host",
                  "props": Object {
                    "children": "Open Seasonally",
                  },
                  "ref": null,
                  "rendered": "Open Seasonally",
                  "type": "span",
                },
              ],
              "type": [Function],
            },
          ],
          "type": "div",
        },
      ],
      "type": "div",
    },
  ],
  Symbol(enzyme.__options__): Object {
    "adapter": ReactSixteenAdapter {
      "options": Object {
        "enableComponentDidUpdateOnSetState": true,
      },
    },
  },
}
`;
